// Vitest Snapshot v1, https://vitest.dev/guide/snapshot.html

exports[`Search Bar > Renders the component 1`] = `
<div>
  <tbody
    class="MuiTableBody-root css-apqrd9-MuiTableBody-root"
  />
</div>
`;
