// Vitest Snapshot v1, https://vitest.dev/guide/snapshot.html

exports[`Search Bar > Renders the component 1`] = `
<div>
  <div
    class="MuiPaper-root MuiPaper-elevation MuiPaper-rounded MuiPaper-elevation1 css-1njjnc6-MuiPaper-root"
  >
    <span
      class="MuiCircularProgress-root MuiCircularProgress-indeterminate MuiCircularProgress-colorPrimary css-14v9whk-MuiCircularProgress-root"
      role="progressbar"
      style="width: 60px; height: 60px;"
    >
      <svg
        class="MuiCircularProgress-svg css-1idz92c-MuiCircularProgress-svg"
        viewBox="22 22 44 44"
      >
        <circle
          class="MuiCircularProgress-circle MuiCircularProgress-circleIndeterminate css-176wh8e-MuiCircularProgress-circle"
          cx="44"
          cy="44"
          fill="none"
          r="20.2"
          stroke-width="3.6"
        />
      </svg>
    </span>
    <p
      class="MuiTypography-root MuiTypography-body1 MuiTypography-paragraph css-17psgs0-MuiTypography-root"
    >
      Loading...
    </p>
  </div>
</div>
`;
